---
source: crates/rome_js_formatter/tests/prettier_tests.rs
expression: comments.ts
---
# Input
```js
interface ScreenObject {
	// I make things weird.
	at(point: Point): Screen | undefined;
}

```

# Output
```js
interface ScreenObject {
  // I make things weird.
  at(point: Point): Screen | undefined;
}

```


