---
source: crates/rome_js_formatter/tests/prettier_tests.rs
expression: pattern-parameters.ts
---
# Input
```js
interface B {
  foo([]?): void;
  bar({}, []?): any;
  baz(a: string, b: number, []?): void;
}

```

# Output
```js
interface B {
  foo([]?): void;
  bar({}, []?): any;
  baz(a: string, b: number, []?): void;
}

```


