---
source: crates/rome_js_formatter/tests/prettier_tests.rs
expression: single-parameter.ts
---
# Input
```js
type X = (options:{ a: string; b: AbstractCompositeThingamabobberFactoryProvider}) => {};
type Y = new (options:{ a: string; b: AbstractCompositeThingamabobberFactoryProvider}) => {};
```

# Output
```js
type X = (
  options: { a: string; b: AbstractCompositeThingamabobberFactoryProvider },
) => {};
type Y = new(
  options: { a: string; b: AbstractCompositeThingamabobberFactoryProvider },
) => {};

```


