---
source: crates/rome_js_formatter/tests/prettier_tests.rs
expression: comment.ts
---
# Input
```js
export class ViewTokensChangedEvent {
  public readonly ranges: {
    /**
     * Start line number of range
     */
    readonly fromLineNumber: number;
  }[];
}

```

# Output
```js
export class ViewTokensChangedEvent {
  public readonly ranges: {
    /**
     * Start line number of range
     */
    readonly fromLineNumber: number;
  }[];
}

```


