---
source: crates/rome_js_formatter/tests/prettier_tests.rs
expression: typeParameter.ts
---
# Input
```js
interface IObservable<T> {
  n: IObservable<T[]> // fails because of comment
}

```

# Output
```js
interface IObservable<T> {
  n: IObservable<T[]>; // fails because of comment
}

```


